  [GA] ⟳ Stagnation restart — reseeding bottom 62 (31 greedy + 31 random)...
  [GA] ⟳ Stagnation restart — reseeding bottom 62 (31 greedy + 31 random)...
  [Epoch  23 | Gen 1150] Global best: 3580  Island bests: ['3580', '3580', '3600', '3620']  GStag: 1  WinImprove: 1900/500
  [Island GA] Migration at gen 1150: 12 migrants per island (ring topology)
  [GA] ⟳ Stagnation restart — reseeding bottom 62 (31 greedy + 31 random)...
  [GA] ⟳ Stagnation restart — reseeding bottom 62 (31 greedy + 31 random)...
  [Epoch  24 | Gen 1200] Global best: 3580  Island bests: ['3580', '3580', '3580', '3600']  GStag: 2  WinImprove: 1660/500
  [Island GA] Migration at gen 1200: 12 migrants per island (ring topology)
  [GA] ⟳ Stagnation restart — reseeding bottom 62 (31 greedy + 31 random)...
  [GA] ⟳ Stagnation restart — reseeding bottom 62 (31 greedy + 31 random)...
  [GA] ⟳ Stagnation restart — reseeding bottom 62 (31 greedy + 31 random)...
  [Epoch  25 | Gen 1250] Global best: 3580  Island bests: ['3580', '3580', '3580', '3580']  GStag: 3  WinImprove: 1560/500
  [Island GA] *** Catastrophic reset: island 0 at gen 1250 (global stagnation=3 epochs) ***
  [GA] Initializing population of 125 (80% greedy + 20% random)...
  [GA] Population initialized.
  [Island GA] Migration at gen 1250: 12 migrants per island (ring topology)
  [GA] ⟳ Stagnation restart — reseeding bottom 62 (31 greedy + 31 random)...
  [GA] ⟳ Stagnation restart — reseeding bottom 62 (31 greedy + 31 random)...
  [GA] ⟳ Stagnation restart — reseeding bottom 62 (31 greedy + 31 random)...
  [Epoch  26 | Gen 1300] Global best: 3580  Island bests: ['3580', '3580', '3580', '3580']  GStag: 1  WinImprove: 1440/500
  [Island GA] Migration at gen 1300: 12 migrants per island (ring topology)
  [GA] ⟳ Stagnation restart — reseeding bottom 62 (31 greedy + 31 random)...
127.0.0.1 - - [24/Mar/2026 23:07:02] "GET /api/v1/schedule/35c99c7e-29a5-4a71-a388-313eae989622 HTTP/1.1" 200 -
127.0.0.1 - - [24/Mar/2026 23:07:02] "GET /favicon.ico HTTP/1.1" 404 -
127.0.0.1 - - [24/Mar/2026 23:07:04] "GET /api/v1/schedule/35c99c7e-29a5-4a71-a388-313eae989622 HTTP/1.1" 200 -
127.0.0.1 - - [24/Mar/2026 23:07:04] "GET /favicon.ico HTTP/1.1" 404 -
127.0.0.1 - - [24/Mar/2026 23:07:04] "GET /api/v1/schedule/35c99c7e-29a5-4a71-a388-313eae989622 HTTP/1.1" 200 -
127.0.0.1 - - [24/Mar/2026 23:07:04] "GET /favicon.ico HTTP/1.1" 404 -
  [GA] ⟳ Stagnation restart — reseeding bottom 62 (31 greedy + 31 random)...
  [GA] ⟳ Stagnation restart — reseeding bottom 62 (31 greedy + 31 random)...
  [GA] ⟳ Stagnation restart — reseeding bottom 62 (31 greedy + 31 random)...
  [Epoch  27 | Gen 1350] Global best: 3580  Island bests: ['3580', '3580', '3580', '3580']  GStag: 2  WinImprove: 1200/500
  [Island GA] Migration at gen 1350: 12 migrants per island (ring topology)
  [GA] ⟳ Stagnation restart — reseeding bottom 62 (31 greedy + 31 random)...
  [GA] ⟳ Stagnation restart — reseeding bottom 62 (31 greedy + 31 random)...
  [GA] ⟳ Stagnation restart — reseeding bottom 62 (31 greedy + 31 random)...
  [GA] ⟳ Stagnation restart — reseeding bottom 62 (31 greedy + 31 random)...
  [Epoch  28 | Gen 1400] Global best: 3580  Island bests: ['3580', '3580', '3580', '3580']  GStag: 3  WinImprove: 860/500
  [Island GA] *** Catastrophic reset: island 0 at gen 1400 (global stagnation=3 epochs) ***
  [GA] Initializing population of 125 (80% greedy + 20% random)...
  [GA] Population initialized.
  [Island GA] Migration at gen 1400: 12 migrants per island (ring topology)
  [GA] ⟳ Stagnation restart — reseeding bottom 62 (31 greedy + 31 random)...
127.0.0.1 - - [24/Mar/2026 23:09:37] "GET /api/v1/schedule/35c99c7e-29a5-4a71-a388-313eae989622 HTTP/1.1" 200 -
127.0.0.1 - - [24/Mar/2026 23:09:37] "GET /favicon.ico HTTP/1.1" 404 -
  [GA] ⟳ Stagnation restart — reseeding bottom 62 (31 greedy + 31 random)...
  [GA] ⟳ Stagnation restart — reseeding bottom 62 (31 greedy + 31 random)...
